// Vitest Snapshot v1, https://vitest.dev/guide/snapshot.html

exports[`ErrorPage > Error message is rendered 1`] = `
<div>
  <div>
    <h1>
      Oh no, this route does not exist!
    </h1>
    <a
      data-discover="true"
      href="/"
    >
      You can go back to the home page by clicking here, though!
    </a>
  </div>
</div>
`;
