// Vitest Snapshot v1, https://vitest.dev/guide/snapshot.html

exports[`Navbar > Store and cart links are rendered 1`] = `
<div>
  <nav
    class="sc-FEMpB jpiCxv"
  >
    <a
      data-discover="true"
      href="/"
    >
      <img
        alt="Logo"
        class="sc-dycHyt jTHsTx"
        src="../public/logo.png"
      />
    </a>
    <div
      class="sc-fLDLck eeNEvz"
    >
      <a
        data-discover="true"
        href="/"
      >
        Home
      </a>
      <a
        data-discover="true"
        href="/Store"
      >
        Store
      </a>
      <div
        class="sc-dVBluf jscDOy"
      >
        <a
          aria-label="Cart"
          data-discover="true"
          href="/Cart"
        >
          Checkout
        </a>
        <span
          class="sc-gjcoXW hffLmj"
        >
           
          <svg
            class="lucide lucide-shopping-cart"
            fill="none"
            height="24"
            stroke="currentColor"
            stroke-linecap="round"
            stroke-linejoin="round"
            stroke-width="2"
            viewBox="0 0 24 24"
            width="24px"
            xmlns="http://www.w3.org/2000/svg"
          >
            <circle
              cx="8"
              cy="21"
              r="1"
            />
            <circle
              cx="19"
              cy="21"
              r="1"
            />
            <path
              d="M2.05 2.05h2l2.66 12.42a2 2 0 0 0 2 1.58h9.78a2 2 0 0 0 1.95-1.57l1.65-7.43H5.12"
            />
          </svg>
          0
           
        </span>
      </div>
    </div>
  </nav>
</div>
`;
